============================= test session starts ==============================
platform linux -- Python 3.12.3, pytest-8.0.2, pluggy-1.6.0
rootdir: /home/adamoutler/gemini-webui
configfile: pytest.ini
plugins: playwright-0.4.4, anyio-4.12.1, timeout-2.4.0, base-url-2.1.0, cov-7.0.0
collected 2 items

tests/test_ui_share_color_average.py Generating public/private ed25519 key pair.
Your identification has been saved in /tmp/pytest-of-adamoutler/pytest-1139/data0/.ssh/id_ed25519
Your public key has been saved in /tmp/pytest-of-adamoutler/pytest-1139/data0/.ssh/id_ed25519.pub
The key fingerprint is:
SHA256:0cgGCzUo563tJU5l5sblwItfoc5CvXeV/xDZsI8iWnA gemini-webui-inferrence1-20260308
The key's randomart image is:
+--[ED25519 256]--+
|    .o+          |
|  . o. = o       |
|   + ...= .   .  |
|    . ..*.o    = |
|     o OS*E.  +..|
|    . * Ooo   o+ |
|     = B oo ..o..|
|      + =o.... ..|
|       ... .    o|
+----[SHA256]-----+
\nComputed body background for theme light: rgb(255, 255, 255)
\nSaved screenshot for light mode to public/qa-screenshots/test_share_light.png
\nLight mode average color: (255, 255, 255), luminance: 255.0
\nComputed body background for theme dark: rgb(30, 30, 30)
\nSaved screenshot for dark mode to public/qa-screenshots/test_share_dark.png
Dark mode average color: (30, 30, 30), luminance: 30.0
\nComputed body background for theme full: rgb(30, 30, 30)
\nSaved screenshot for full mode to public/qa-screenshots/test_share_full.png
Full mode average color: (30, 30, 30), luminance: 30.0
.
tests/test_ui_share_full_color.py CONSOLE: Error with Permissions-Policy header: Origin trial controlled feature not enabled: 'browsing-topics'.
CONSOLE: [.WebGL-0x2c0143a900]GL Driver Message (OpenGL, Performance, GL_CLOSE_PATH_NV, High): GPU stall due to ReadPixels
CONSOLE: [.WebGL-0x2c0143a900]GL Driver Message (OpenGL, Performance, GL_CLOSE_PATH_NV, High): GPU stall due to ReadPixels
CONSOLE: [.WebGL-0x2c0143a900]GL Driver Message (OpenGL, Performance, GL_CLOSE_PATH_NV, High): GPU stall due to ReadPixels
CONSOLE: [.WebGL-0x2c0143a900]GL Driver Message (OpenGL, Performance, GL_CLOSE_PATH_NV, High): GPU stall due to ReadPixels (this message will no longer repeat)

Found 713 unique colorful pixels in the shared Full Color session.
.

============================== 2 passed in 11.93s ==============================
